------------------------------------------------------------
TimeQuest Timing Analyzer Summary
------------------------------------------------------------

Type  : Slow Model Setup 'clk'
Slack : -7.919
TNS   : -267.290

Type  : Slow Model Setup 'REG:PC|dataout[2]'
Slack : -2.313
TNS   : -6.198

Type  : Slow Model Hold 'REG:PC|dataout[2]'
Slack : -3.373
TNS   : -9.875

Type  : Slow Model Hold 'clk'
Slack : -2.211
TNS   : -4.302

Type  : Slow Model Recovery 'REG:PC|dataout[2]'
Slack : -2.315
TNS   : -6.703

Type  : Slow Model Removal 'REG:PC|dataout[2]'
Slack : -3.462
TNS   : -10.327

Type  : Slow Model Minimum Pulse Width 'clk'
Slack : -1.380
TNS   : -38.380

Type  : Slow Model Minimum Pulse Width 'REG:PC|dataout[2]'
Slack : -0.001
TNS   : -0.022

Type  : Fast Model Setup 'clk'
Slack : -2.785
TNS   : -93.048

Type  : Fast Model Setup 'REG:PC|dataout[2]'
Slack : -0.817
TNS   : -2.119

Type  : Fast Model Hold 'REG:PC|dataout[2]'
Slack : -1.677
TNS   : -4.947

Type  : Fast Model Hold 'clk'
Slack : -1.351
TNS   : -5.575

Type  : Fast Model Recovery 'REG:PC|dataout[2]'
Slack : -0.803
TNS   : -2.318

Type  : Fast Model Removal 'REG:PC|dataout[2]'
Slack : -1.713
TNS   : -5.138

Type  : Fast Model Minimum Pulse Width 'clk'
Slack : -1.380
TNS   : -38.380

Type  : Fast Model Minimum Pulse Width 'REG:PC|dataout[2]'
Slack : 0.286
TNS   : 0.000

------------------------------------------------------------
